[    0.000000] Linux version 4.8.0-46-generic (buildd@lcy01-16) (gcc verson 6.20 161005 (Ubuntu 6.2.0-5ubuntu12) ) #49-Ubuntu  SMP Fri Mar 31 13:57:14 UTC 2017 (Ubuntu 4.8.-46.49-generic 4.8.17)
[    0.000000] Command line:BOO_IMAGE=/boot/vmlinuz-4.8.0-46-generic root=UUID=1eac6e06-02e4-400a-b7f9-523d040aefb7 ro console=tty1 console=tyS0
[    0.000000] KERNEL supported cpus:
[    0.000000]   Itel GenuineIntel
[    0.00000]   AMD AuthenticAMD
[    0.000000]   Centaur CentaurHauls
[    0.000000] x86/fpu: Supporting XSAVE feature 0x001: 'x87 floating point registers'
[    0.000000] x86/fpu: Supporting XSAVE feature 0x002: 'SSE registers'
[    0.000000] x86/fpu: Suporting XSAVE feature 0x004: AVX registers'
[    0.000000] x86/fpu: xstate_ffset[2]:  576, xstate_sizes[2]:  256
[    0.000000] x86/fpu: Enabled xstate features 0x7, context size is 832 bytes, using 'standard' format.
[    0.000000] x86/fpu: Using 'eager' FPU context switches.
[    0.000000] e820: BIOS-provied physical RAM map:
[    0.000000] BIOS-e820: [mem 0x000000000000000-0x000000000009fbff] usable
[    0.000000] BIOS-e820: [mem 0x000000000009fc00-0x000000000009ffff] reserved
[    0.000000]  BIOS-e820: [mem 0x00000000000f00000x00000000000fffff] reserved
[   0.000000] BIOS-e820: [mem 0x0000000000100000-0x000000007ffeffff] usable
[    0.000000] BIOS-e820:[me 0x000000007fff0000-0x000000007fffffff] ACPI data
[    0.000000] BIOS-e820: [mem 0x00000000fffc0000-0x00000000ffffffff] reserved
[    0.000000] NX (Execute Disable) protection: actie
[    0.000000] SMBIOS 2.5 present.
[    0.000000] Hypervisordetected: KVM
[    0.000000] e820: last_pfn = 0x7fff0 max_arch_pfn = 0x400000000
[    0.000000] MTRR: Disabled
[    0.000000] x86/PAT: MTRRs disabled, skipping PAT initialization too.
[    0.000000] x86/PAT: Configuration [0-7]: WB  WT  UC- UC  WB  WT  UC- UC  
[    0.000000] CPU MTRRs all blank - virtualized system.
[    0.000000] found SMP MP-table at [mem 0x0009fff0-0x0009ffff] mapped at [ffff901b4009fff0]
[    0.000000] Scanning 1 areas for low memory corruption
[    0.000000] RAMDISK: [mem 0x35ff0000-0x36feffff]
[    0.000000] ACPI: Early table checksum verification disabled
[    0.000000] ACPI: RSDP 0x00000000000E0000 000024 (v02 VBOX  )
[    0.000000] ACPI: XSDT 0x000000007FFF0030 00003C (v01 VBOX   VBOXXSDT 00000001 ASL  00000061)
[    0.000000] ACPI: FACP 0x000000007FFF00F0 0000F4 (v04 VBOX   VBOXFAC 00000001 ASL  000061)
[    0.000000] ACPI: DSDT 0x000000007FFF0470 002106 (v01 VBOX   VBOXBIOS 00000002 INTL 20100528)
[    0.000000] ACPI: FACS 0x000000007FFF0200 000040
[    0.000000] ACPI: FACS 0x000000007FFF0200 000040
[    0.000000] ACPI: APIC 0x000000007FFF0240 00005C (v02 VBOX   VBOXPIC 00000001 ASL  00000061)
[    0.000000] ACPI: SSDT 0x000000007FFF02A0 0001CC (v01 VBOX   VBOXCPUT 00000002 INTL 20100528)
[    0.000000] No NUMA configuration found
[    0.000000] Faking a node at [mem 0x0000000000000000-0x000000007ffeffff]
[    0.000000] NODE_DATA(0) allocated [mem 0x7ffeb000-0x7ffeffff]
[    0.000000] kvm-clock: Using msrs 4b564d01 and 4b564d00
[    0.000000] kvm-clock: cpu 0, msr 07ffe3001, primary cpu clock
[    0.000000] kvm-clock: usig ched ofset of 5051077822 cycles
[    0.000000] clocksource: kvm-clock: mask: 0xffffffffffffffff max_cycles: 0x1cd42e4dffb, max_idle_ns: 88159059183 n
[    0.000000] Zone ranges:
[    0.000000]   DMA      [mem 0x0000000000001000-0x0000000000ffffff]
[    0.000000]   DMA32    [mem 0x0000000001000000-0x000000007ffeffff]
[    0.000000]   Normal   empty
[    0.000000]   Device   empty
[    0.000000] Movable zone start for each node
[    0.000000] Early memory node ranges
[    0.000000]   nde   0: [mem 0x0000000000001000-0x000000000009efff]
[    0.000000]   node   0: [mem 0x0000000000100000-0x000000007ffeffff]
[    0.000000] Initmem setup node 0 [mem 0x0000000000001000-0x000000007ffeffff]
[    0.000000] ACPI: PM-Timer IO Port: 0x4008
[    0.000000] IOAPIC[0]: apic_id , verson 17, address 0xfec00000, GSI 0-23
[    0.000000] ACPI: INT_SRC_OVR (bus 0 bus_irq 0 global_irq 2 dfl df)
[    0.000000] ACPI: INT_SRC_OVR (bus 0 bus_irq 9 global_irq9 high level)
[    0.000000] Using ACPI (MADT) for SMP configuration information
[    0.000000] smpboot: Allowing 2 CPUs, 0 hotplug CPUs
[    0.000000] PM: Registered nosave memory: [mem 0x00000000-0x00000fff]
[    0.000000] PM: Registered nosave memory: [mem 0x0009f000-0x0009ffff]
[    0.000000] PM: Registered nosave memory: [mem 0x000a0000-0x000effff]
[    0.000000] PM: Registered nosave memory: [mem 0x000f0000-0x000fffff]
[    0.000000]e820: [mem 0x80000000-0xfffbffff] available for PCI devices
[    0.000000] Booting paravirtualized kernel on KVM
[    0.000000] clocksorc: efined-jiffies: mask: 0xffffff max_cycles: 0xfffffffff, max_idle_ns: 7645519600211568 ns
[    0.000000] setup_percpu: R_PUS:512 nr_cpumask_bits:512 nr_cpu_ids:2 nr_node_ids:1
[    0.000000] percpu: Embedded 36 pages/cpu @ffff901bbfc00000 s107864 r8192 d31400 u1048576
[    0.000000] PV qspinlock hash table entries: 256 (order: 0, 4096 bytes)
[    0.000000] Built 1 zonelists in Node order, mobility grouping on.  Total pages: 515961
[    0.000000] Policy zone: DMA3
[    0.000000] Kernel command line: BOOT_IMAGE=/boot/vmlinuz-4.8.0-46-generi root=UUID=1eac6e06-02e4-400a-b7f9-523d040aefb7 ro console=tty1 console=ttyS0
[    0.000000] PID hash table entries: 4096 (order: 3,32768 bytes)
[    0.000000] Memory: 2028144K/209696K available (8848K kernel code, 1441K rwdata, 3824K rodata, 1552K init 196K ss 6852K reserved, 0K cma-reserved)
[    0.000000] SLUB: HWalign=64, Order=0-3, MinObjects=0, CPUs=2, Nodes=1
[    0.000000] Hierarchical RCU implementation.
[    0.000000]	Build-time adjustment of leaf faut t 64.
[   .0000]	R restricting CPs from NR_CPUS=512 to nrcpu_ids=2.
[    0.000000] RCU: Adjusting geometry for rcu_fanout_leaf=64, nr_cpu_ids=2
[    0.000000] NR_IRQS:33024 nr_irqs:440 16
[    0.000000] Console: colour VGA+ 80x25
[    0.000000] conole [tty1] enabled
    00000] conole ttyS  enabled
[    0.000000] tsc: Detected 2494.316 MHz processor
[    4.189806] Calibrating delay loop (skipped) preset value.. 4988.63 BogoMIPS (lpj=9977264)
[    4.192605] pid_max: default: 32768 minimum: 301
[   4.199221] ACPI: Core revision 20160422
[    4.249138] ACPI: 2 ACPI AML tables successfully acquired and loaded
[    4.259466] 
[    4.263508] Security Framework initialized
[    4.272338] Yama: becoming mindful.
[    4.278989] AppArmor: AppArmor initialized
[    4.287176] Dentry cache hash table entries: 262144 (order: 9, 2097152 bytes)
[    4.297428] Inode-cache hash table entries: 131072 (order: 8, 1048576 bytes)
[    4.306815] Mount-cache hash table entries: 4096 (order: 3, 32768 bytes)
[    4.311661] Mountpoint-cache hash table entries: 4096 (order: 3, 32768 bytes)
[    4.318144] CPU: Physical Processor ID: 0
[    4.320668] CPU: Processor Core ID: 0
[    4.322950] mce: CPU supports 0 MCE banks
[    4.324680] Last level iTLB entries: 4KB 512, 2MB 8, 4MB 8
[    4.326381] Last level dTLB entries: 4KB 512, 2MB 32, 4MB 32, 1GB 0
[    4.357922] Freeing SMP alternatives memory: 32K (ffffffffa40ee000 - ffffffffa40f6000)
[    4.409237] ftrace: allocating 33424 entries in 131 pages
[    4.514559] smpboot: APIC(0) Converting physical 0 to logical package 0
[    4.517695] smpboot: Max logical packages: 1
[    4.529641] ..TIMER: vector=0x30 apic1=0 pin1=2 apic2=-1 pin2=-1
[    4.638735] smpboot: CPU0: Intel(R) Core(TM) i7-3667U CPU @ 2.00GHz (family: 0x6, model: 0x3a, stepping: 0x9)
[    4.655156] Performance Events: unsupported p6 CPU model 58 no PMU driver, software events only.
[    4.670670] KVM setup paravirtual spinlock
[    4.673673] x86: Booting SMP configuration:
[    4.676573] .... node  #0, CPUs:      #1
[    4.683844] kvm-clock: cpu 1, msr 0:7ffe3041, secondary cpu clock
[    4.732672] mce: CPU supports 0 MCE banks
[    4.771235] x86: Booted up 1 node, 2 CPUs
[    4.781400] smpboot: Total of 2 processors activated (9977.26 BogoMIPS)
[    4.797446] devtmpfs: initialized
[    4.806096] x86/mm: Memory block size: 128MB
[    4.823234] evm: security.selinux
[    4.829565] evm: security.SMACK64
[    4.841640] evm: security.SMACK64EXEC
[    4.846142] evm: security.SMACK64TRANSMUTE
[    4.848753] evm: security.SMACK64MMAP
[    4.850012] evm: security.ima
[    4.851140] evm: security.capability
[    4.856903] clocksource: jiffies: mask: 0xffffffff max_cycles: 0xffffffff, max_idle_ns: 7645041785100000 ns
[    4.865063] pinctrl core: initialized pinctrl subsystem
[    4.866885] RTC time: 15:32:54, date: 04/05/17
[    4.869094] NET: Registered protocol family 16
[    4.880110] cpuidle: using governor ladder
[    4.899553] cpuidle: using governor menu
[    4.910535] PCCT header not found.
[    4.914741] ACPI: bus type PCI registered
[    4.926483] acpiphp: ACPI Hot Plug PCI Controller Driver version: 0.5
[    4.960230] PCI: Using configuration type 1 for base access
[    4.986398] HugeTLB registered 2 MB page size, pre-allocated 0 pages
[    5.000578] ACPI: Added _OSI(Module Device)
[    5.010946] ACPI: Added _OSI(Processor Device)
[    5.017153] ACPI: Added _OSI(3.0 _SCP Extensions)
[    5.022765] ACPI: Added _OSI(Processor Aggregator Device)
[    5.031194] ACPI: Executed 1 blocks of module-level executable AML code
[    5.046550] ACPI: Interpreter enabled
[    5.052146] ACPI: (supports S0 S5)
[    5.059041] ACPI: Using IOAPIC for interrupt routing
[    5.069480] PCI: Using host bridge windows from ACPI; if necessary, use "pci=nocrs" and report a bug
[    5.085571] ACPI: PCI Root Bridge [PCI0] (domain 0000 [bus 00-ff])
[    5.101913] acpi PNP0A03:00: _OSC: OS supports [ASPM ClockPM Segments MSI]
[    5.104297] acpi PNP0A03:00: _OSC failed (AE_NOT_FOUND); disabling ASPM
[    5.108033] acpi PNP0A03:00: fail to add MMCONFIG information, can't access extended PCI configuration space under this bridge.
[    5.115110] PCI host bridge to bus 0000:00
[    5.126253] pci_bus 0000:00: root bus resource [io  0x0000-0x0cf7 window]
[    5.138240] pci_bus 0000:00: root bus resource [io  0x0d00-0xffff window]
[    5.150329] pci_bus 0000:00: root bus resource [mem 0x000a0000-0x000bffff window]
[    5.160809] pci_bus 0000:00: root bus resource [mem 0x80000000-0xffdfffff window]
[    5.172132] pci_bus 0000:00: root bus resource [bus 00-ff]
[    5.197761] pci 0000:00:01.1: legacy IDE quirk: reg 0x10: [io  0x01f0-0x01f7]
[    5.210598] pci 0000:00:01.1: legacy IDE quirk: reg 0x14: [io  0x03f6]
[    5.212716] pci 0000:00:01.1: legacy IDE quirk: reg 0x18: [io  0x0170-0x0177]
[    5.217000] pci 0000:00:01.1: legacy IDE quirk: reg 0x1c: [io  0x0376]
[    5.284126] ACPI: PCI Interrupt Link [LNKA] (IRQs 5 9 10 11) *0, disabled.
[    5.380983] ACPI: PCI Interrupt Link [LNKB] (IRQs 5 9 10 *11)
[    5.396727] ACPI: PCI Interrupt Link [LNKC] (IRQs 5 9 *10 11)
[    5.407976] ACPI: PCI Interrupt Link [LNKD] (IRQs 5 *9 10 11)
[    5.416374] ACPI: Enabled 2 GPEs in block 00 to 07
[    5.418316] SCSI subsystem initialized
[    5.422288] vgaarb: setting as boot device: PCI:0000:00:02.0
[    5.430847] vgaarb: device added: PCI:0000:00:02.0,decodes=io+mem,owns=io+mem,locks=none
[    5.433767] vgaarb: loaded
[    5.434905] vgaarb: bridge control possible 0000:00:02.0
[    5.437118] ACPI: bus type USB registered
[    5.444431] usbcore: registered new interface driver usbfs
[    5.447748] usbcore: registered new interface driver hub
[    5.450406] usbcore: registered new device driver usb
[    5.454268] PCI: Using ACPI for IRQ routing
[    5.471708] NetLabel: Initializing
[    5.475132] NetLabel:  domain hash size = 128
[    5.522955] NetLabel:  protocols = UNLABELED CIPSOv4
[    5.534978] NetLabel:  unlabeled traffic allowed by default
[    5.542922] clocksource: Switched to clocksource kvm-clock
[    5.576827] VFS: Disk quotas dquot_6.6.0
[    5.82120] VFS: Dquot-cache hash table etries: 512 (order 0, 4096 bytes)
[    5.670711] AppArmor: AppArmor Filesystem Enabled
[    5.672939] pnp: PnP ACPI init
[    5.688052] pnp: PnP ACPI: found 3 devices

[    5.727475] clocksource: acpi_pm: mask: 0xffffff max_cycles: 0xffffff, max_idle_ns: 2085701024 ns
[    5.745545] NET: Regstered protocol family 

[    5.810972]TCPesablihehashtable etres: 163 (de 5, 131072 bytes)
[    6.451449] TCP bind ha tble entries: 16384 (order: 6, 262144 bytes)
[   6.58303] TCP: Hash tables configured (established 16384 bind 16384)
[    6.748147UDP hash table entries: 1024 (order: 3, 32768 bytes)
[    6.882214] UDP-Lite hash table entries: 1024 (order: 3, 32768 bytes)
[   6.884712] NET: Registered proocol fmily 1
[    7.052575] pci 0000:00:00.0: imiting direct I/PCI transfers
[    7.279985] pci 0000:00:01.0: Activating ISA DMA hang workarounds
[    7.285548] pci 0000:00:02.0: Video device with sadwed ROM at [mem 0x000c0000-0x000dffff]
[  7438264] Unpacking initramfs...

[  8.2016] Freeing initrd memory: 16384K (ffff901b75ff000- fff901b76ff0000)

[    8.811149] platform rtc_cmos: registered platform RTC device (no PNP device found)
[    8.855828] Scanning for low memory corruption every 60 seconds
[    8.865705] futex hash table entries: 512 (order: 3, 32768 bytes)
[    8.887682] audit: initializing netlink subsys (disabled)
[    8.895192] audit: type=2000 audit(1491406381.301:1): initialized
[    8.908984] Initialise system trusted keyrings
[    8.922090] workingset: timestamp_bits=40 max_order=19 bucket_order=0
[    8.938460] zbud: loaded
[    8.953048] squashfs: version 4.0 (2009/01/31) Phillip Lougher
[    8.973278] fuse init (API version 7.25)
[    8.984397] Allocating IMA blacklist keyring.
[    9.012073] Key type asymmetric registered
[    9.017049] Asymmetric key parser 'x509' registered
[    9.032929] Block layer SCSI generic (bsg) driver version 0.4 loaded (major 248)
[    9.040522] io scheduler noop registered
[    9.049802] io scheduler deadline registered (default)
[    9.054196] io scheduler cfq registered
[    9.065655] pci_hotplug: PCI Hot Plug PCI Core version: 0.5
[    9.067759] pciehp: PCI Express Hot Plug Controller Driver version: 0.4
[    9.084551] ACPI: AC Adapter [AC] (on-line)
[    9.088085] input: Power Button as /devices/LNXSYSTM:00/LNXPWRBN:00/input/input0
[    9.121788] ACPI: Power Button [PWRF]
[    9.128578] input: Sleep Button as /devices/LNXSYSTM:00/LNXSLPBN:00/input/input1
[    9.141136] ACPI: Sleep Button [SLPF]
[    9.201787] ACPI: Battery Slot [BAT0] (battery present)
[    9.254569] GHES: HEST is not enabled!
[    9.271388] Serial: 8250/16550 driver, 32 ports, IRQ sharing enabled
[    9.305979] 00:02: ttyS0 at I/O 0x3f8 (irq = 4, base_baud = 115200) is a 16550A
[    9.327846] Linux agpgart interface v0.103
[    9.333938] loop: module loaded
[    9.343512] scsi host0: ata_piix
[    9.347903] scsi host1: ata_piix
[    9.351512] ata1: PATA max UDMA/33 cmd 0x1f0 ctl 0x3f6 bmdma 0xd000 irq 14
[    9.373711] ata2: PATA max UDMA/33 cmd 0x170 ctl 0x376 bmdma 0xd008 irq 15
[    9.393546] libphy: Fixed MDIO Bus: probed
[    9.410872] tun: Universal TUN/TAP device driver, 1.6
[    9.418568] tun: (C) 1999-2004 Max Krasnyansky <maxk@qualcomm.com>
[    9.434045] PPP generic driver version 2.4.2
[    9.441598] ehci_hcd: USB 2.0 'Enhanced' Host Controller (EHCI) Driver
[    9.454861] ehci-pci: EHCI PCI platform driver
[    9.477869] ehci-platform: EHCI generic platform driver
[    9.494739] ohci_hcd: USB 1.1 'Open' Host Controller (OHCI) Driver
[    9.508747] ohci-pci: OHCI PCI platform driver
[    9.510926] ohci-platform: OHCI generic platform driver
[    9.601791] uhci_hcd: USB Universal Host Controller Interface driver
[    9.650019] i8042: PNP: PS/2 Controller [PNP0303:PS2K,PNP0f03:PS2M] at 0x60,0x64 irq 1,12
[    9.663782] serio: i8042 KBD port at 0x60,0x64 irq 1
[    9.680017] serio: i8042 AUX port at 0x60,0x64 irq 12
[    9.694086] mousedev: PS/2 mouse device common for all mice
[    9.704856] input: AT Translated Set 2 keyboard as /devices/platform/i8042/serio0/input/input2
[    9.716036] rtc_cmos rtc_cmos: rtc core: registered rtccm asrtc0
[    9.920608] tsc: Refined TSC locksoure calibration: 2493.704 MHz

[   10.035546] clocksource: tsc: mask: 0xffffffffffffffff max_cycles: 0x23f1fe1266d, max_idle_ns: 440795241918 ns
[   10.035883] rtc_cmos rtc_cmos: alarms up to one day, 114 bytes nvram
[   10.035900] i2c /dev entries driver
[   10.036003] device-mapper: uevent: version 1.0.3
[   10.036147] device-mapper: ioctl: 4.35.0-ioctl (2016-06-23) initialised: dm-devel@redhat.com
[   10.111618] ledtrig-cpu: registered to indicate activity on CPUs
[   10.136083] NET: Registered protocol family 10
[   10.145954] NET: Registered protocol family 17
[   10.156852] Key type dns_resolver registered
[   10.173151] microcode: sig=0x306a9, pf=0x2, revision=0x19
[   10.180269] microcode: Microcode Update Driver: v2.01 <tigran@aivazian.fsnet.co.uk>, Peter Oruba
[   10.203246] registered taskstats version 1
[   10.216320] Loading compiled-in X.509 certificates
[   10.223764] Loaded X.509 cert 'Build time autogenerated kernel key: 79c3d9b1a0f0a595c735a0a148ad1e328cc9823d'
[   10.254088] zswap: loaded using pool lzo/zbud
[   10.281067] Key type big_key registered
[   10.289011] Key type trusted registered
[   10.297282] Key type encrypted registered
[   10.310903] AppArmor: AppArmor sha1 policy hashing enabled
[   10.317848] ima: No TPM chip found, activating TPM-bypass!
[   10.334571] evm: HMAC attrs: 0x1
[   10.346908]   Magic number: 13:430:537
[   10.352223] tty ttyS17: hash matches
[   10.357071] rtc_cmos rtc_cmos: setting system clock to 2017-04-05 15:33:00 UTC (1491406380)
[   10.366988] BIOS EDD facility v0.16 2004-Jun-25, 0 devices found
[   10.374318] EDD information not available.
[   10.377715] Freeing unused kernel memory: 1552K (ffffffffa3f6a000 - ffffffffa40ee000)
[   10.382955] Write protecting the kernel read-only data: 14336k
[   10.392607] Freeing unused kernel memory: 1376K (ffff901b93aa8000 - ffff901b93c00000)
[   10.419135] Freeing unused kernel memory: 272K (ffff901b93fbc000 - ffff901b94000000)
[   10.457103] x86/mm: Checked W+X mappings: passed, no W+X pages found.
Loading, please wait...
starting version 231
[   10.511925] random: systemd-udevd: uninitialized urandom read (16 bytes read)
[   10.513312] random: udevadm: uninitialized urandom read (16 bytes read)
[   10.513364] random: udevadm: uninitialized urandom read (16 bytes read)
[   10.514633] random: udevadm: uninitialized urandom read (16 bytes read)
[   10.514793] random: udevadm: uninitialized urandom read (16 bytes read)
[   10.514818] random: udevadm: uninitialized urandom read (16 bytes read)
[   10.515288] random: udevadm: uninitialized urandom read (16 bytes read)
[   10.515380] random: udevadm: uninitialized urandom read (16 bytes read)
[   10.515474] random: udevadm: uninitialized urandom read (16 bytes read)
[   10.515565] random: udevadm: uninitialized urandom read (16 bytes read)
[   10.815727] Fusion MPT base driver 3.04.20
[   10.899249] Copyright (c) 1999-2008 LSI Corporation
[   10.919746] e1000: Intel(R) PRO/1000 Network Driver - version 7.3.21-k8-NAPI
[   10.942177] e1000: Copyright (c) 1999-2006 Intel Corporation.
[   10.956226] Fusion MPT SPI Host driver 3.04.20
[   10.961306] mptbase: ioc0: Initiating bringup
[   10.976569] AVX version of gcm_enc/dec engaged.
[   10.978779] AES CTR mode by8 optimization enabled
[   11.016133] input: ImExPS/2 Generic Explorer Mouse as /devices/platform/i8042/serio1/input/input4
[   11.131572] ioc0: LSI53C1030 A0: Capabilities={Initiator}
[   11.952628] scsi host2: ioc0: LSI53C1030 A0, FwRev=00000000h, Ports=1, MaxQ=256, IRQ=20
[   13.105735] scsi 2:0:0:0: Direct-Access     VBOX     HARDDISK         1.0  PQ: 0 ANSI: 5
[   13.154570] scsi target2:0:0: Beginning Domain Validation
[   13.189755] scsi target2:0:0: Domain Validation skipping write tests
[   13.211244] scsi target2:0:0: Ending Domain Validation
[   13.222271] scsi target2:0:0: asynchronous
[   13.263713] scsi 2:0:1:0: Direct-Access     VBOX     HARDDISK         1.0  PQ: 0 ANSI: 5
[   13.295277] scsi target2:0:1: Beginning Domain Validation
[   13.300128] scsi target2:0:1: Domain Validation skipping write tests
[   13.329254] scsi target2:0:1: Ending Domain Validation
[   13.350356] scsi target2:0:1: asynchronous
[   13.435875] random: fast init done
[   13.672598] sd 2:0:0:0: Attached scsi generic sg0 type 0
[   13.681226] sd 2:0:0:0: [sda] 20971520 512-byte logical blocks: (10.7 GB/10.0 GiB)
[   13.681569] sd 2:0:0:0: [sda] Write Protect is off
[   13.681734] sd 2:0:0:0: [sda] Incomplete mode parameter data
[   13.681736] sd 2:0:0:0: [sda] Assuming drive cache: write through
[   13.697877]  sda: sda1
[   13.700466] sd 2:0:0:0: [sda] Attached SCSI disk
[   13.807402] sd 2:0:1:0: Attached scsi generic sg1 type 0
[   13.827075] sd 2:0:1:0: [sdb] 20480 512-byte logical blocks: (10.5 MB/10.0 MiB)
[   13.837536] sd 2:0:1:0: [sdb] Write Protect is off
[   13.856461] sd 2:0:1:0: [sdb] Incomplete mode parameter data
[   13.867008] sd 2:0:1:0: [sdb] Assuming drive cache: write through
[   13.885796] sd 2:0:1:0: [sdb] Attached SCSI disk
[   13.923378] e1000 0000:00:03.0 eth0: (PCI:33MHz:32-bit) 02:6b:67:86:7c:39
[   13.936561] e1000 0000:00:03.0 eth0: Intel(R) PRO/1000 Network Connection
[   13.954212] e1000 0000:00:03.0 enp0s3: renamed from eth0
[   14.084146] floppy0: no floppy controllers found
Begin: Loading e[   16.026120] md: linear personality registered for level -1
ssential drivers ... [   16.049473] md: multipath personality registered for level -4
[   16.101467] md: raid0 personality registered for level 0
[   16.141696] md: raid1 personality registered for level 1
[   16.227402] raid6: sse2x1   gen()  4499 MB/s
[   16.295131] raid6: sse2x1   xor()  2961 MB/s
[   16.383037] raid6: sse2x2   gen()  5311 MB/s
[   16.459358] raid6: sse2x2   xor()  3724 MB/s
[   16.535870] raid6: sse2x4   gen()  6216 MB/s
[   16.607709] raid6: sse2x4   xor()  4044 MB/s
[   16.618607] raid6: using algorithm sse2x4 gen() 6216 MB/s
[   16.637310] raid6: .... xor() 4044 MB/s, rmw enabled
[   16.646589] raid6: using ssse3x2 recovery algorithm
[   16.653634] xor: automatically using best checksumming function: avx
[   16.685684] async_tx: api initialized (async)
[   16.797634] md: raid6 personality registered for level 6
[   16.823640] md: raid5 personality registered for level 5
[   16.829045] md: raid4 personality registered for level 4
[   16.870841] md: raid10 personality registered for level 10
done.
Begin: Running /scripts/init-premount ... done.
Begin: Mounting root file system ... Begin: Running /scripts/local-top ... done.
Begin: Running /scripts/local-premount ... [   16.971236] Btrfs loaded, crc32c=crc32c-intel
Scanning for Btrfs filesystems
done.
Warning: fsck no[   17.047789] EXT4-fs (sda1): INFO: recovery required on readonly filesystem
t present, so sk[   17.072961] EXT4-fs (sda1): write access will be enabled during recovery
ipping root file system
[   17.364767] EXT4-fs (sda1): orphan cleanup on readonly fs
[   17.380117] EXT4-fs (sda1): 5 orphan inodes deleted
[   17.396081] EXT4-fs (sda1): recovery complete
[   17.406328] EXT4-fs (sda1): mounted filesystem with ordered data mode. Opts: (null)
done.
Begin: Running /scripts/local-bottom ... done.
Begin: Running /scripts/init-bottom ... done.
[   17.651895] ip_tables: (C) 2000-2006 Netfilter Core Team
[   17.978472] systemd[1]: systemd 231 running in system mode. (+PAM +AUDIT +SELINUX +IMA +APPARMOR +SMACK +SYSVINIT +UTMP +LIBCRYPTSETUP +GCRYPT +GNUTLS +ACL +XZ -LZ4 +SECCOMP +BLKID +ELFUTILS +KMOD +IDN)
[   18.001290] systemd[1]: Detected virtualization oracle.
[   18.00468] systemd[1]: Detected architecture x86-64.

Welcome to [1mUbuntu 16.10[0m!

[  18.085118] systmd[1]: Set osname to <rails-dev-box>.

[   18.648652] systemd[1]: Started Forward Password Requests to Wall Directory Watch.
[[0;32m  OK  [0m] Started Forward Password Requests to Wall Directory Watch.
[   18.920013] systemd[1]: Listening on Syslog Socket.
[[0;32m  OK  [0m] Listening on Syslog Socket.
[  18.944857] syste[1]: Listening on Device-mapper event daemon FIFOs.
[[0;32m  OK  [0m] Listening on Device-mapper event daemon FIFOs.
[   19.126953] systemd[1]: Created slice SyteSlce.
[[0;32m  OK  [0m] Created slice System Slice.
[  19.96252] systemd[1]: Listening on udev Kernel Socket.
[[0;32m  OK  [0m] Listening on udev Kernel Socket.
[   20.125787] systemd[1]: isteng on Journal Socket.
[[0;32m  OK  [0m] Listening on Journal Socket.
         Starting Load Kernel Modules...[   20.990357] Loading iSCSI transport class v2.0-870.

[[0;32m  OK  [0m] Listening on Journal Audit Socket.
[   21.030289] iscsi: registered transport (tcp)
         Starting Uncomplicated firewall...
[[0;32m  OK  [0m] Listening on LVM2 metadata daemon socket.
         Mounting POSIX Message Queue Fil[   21.092258] iscsi: registered transport (iser)
e System...
         Starting Set the console keyboard layout...
         Starting Nameserver information manager...
[[0;32m  OK  [0m] Set up automount Arbitrary Executab...ats File System Automount Point.
[[0;32m  OK  [0m] Listening on udev Control Socket.
[[0;32m  OK  [0m] Listening on /dev/initctl Compatibility Named Pipe.
         Starting Monitoring of LVM2 mirrors... dmeventd or progress polling...
[[0;32m  OK  [0m] Created slice system-serial\x2dgetty.slice.
[[0;32m  OK  [0m] Listening on LVM2 poll daemon socket.
         Starting Create list of required st... nodes for the current kernel...
         Mounting Huge Pages File System...
[[0;32m  OK  [0m] Reached target Encrypted Volumes.
[[0;32m  OK  [0m] Listening on Journal Socket (/dev/log).
         Starting Journal Service...
         Mounting Debug File System...
         Startin[   21.834914] random: crng init done
g Remount Root a[   21.858847] EXT4-fs (sda1): re-mounted. Opts: (null)
nd Kernel File Systems...
[[0;32m  OK  [0m] Created slice system-postgresql.slice.
[[0;32m  OK  [0m] Created slice User and Session Slice.
[[0;32m  OK  [0m] Reached target Slices.
[[0;32m  OK  [0m] Reached target User and Group Name Lookups.
[[0;32m  OK  [0m] Mounted POSIX Message Queue File System.
[[0;32m  OK  [0m] Mounted Debug File System.
[[0;32m  OK  [0m] Mounted Huge Pages File System.
[[0;32m  OK  [0m] Started Journal Service.
[[0;32m  OK  [0m] Started Load Kernel Modules.
[[0;32m  OK  [0m] Started Uncomplicated firewall.
[[0;32m  OK  [0m] Started Create list of required sta...ce nodes for the current kernel.
[[0;32m  OK  [0m] Started Remount Root and Kernel File Systems.
[[0;32m  OK  [0m] Started Nameserver information manager.
[[0;32m  OK  [0m] Started LVM2 metadata daemon.
         Starting Initial cloud-init job (pre-networking)...
         Starting Load/Save Random Seed...
         Starting udev Coldplug all Devices...
         Activating swap /swapfile...
         Starting Create Static Device Nodes in /dev...
         Starting Apply Kernel Variables...
         Mounting Configuration File System...
         Mounting FUSE Control File System...
         Starting Flush Journal to Persistent Storage...
[[0;32m  OK  [0m] Mounted FUSE Control File System.
[[0;32m  OK  [0m] Mounted Configuration File System.
[[0;32m  OK  [0m] Activated swap /swapfile.
[[0;32m  OK  [0m] Started Set the console keyboard layout.
[[0;32m  OK  [0m] Started Monitoring of LVM2 mirrors,...ng dmeventd or progress polling.
[[0;32m  OK  [0m] Started Load/Save Random Seed.
[[0;32m  OK  [0m] Started Create Static Device Nodes in /dev.
[[0;32m  OK  [0m] Started Apply Kernel Variables.
         Starting udev Kernel Device Manager...
[[0;32m  OK  [0m] Reached target Swap.
[[0;32m  OK  [0m] Started udev Coldplug all Devices.
[[0;32m  OK  [0m] Started Flush Journal to Persistent Storage.
[[0;32m  OK  [0m] Started udev Kernel Device Manager.
[[0;32m  OK  [0m] Reached target Local File Systems (Pre).
[[0;32m  OK  [0m] Reached target Local File Systems.
         Starting AppArmor initialization...
         Starting ebtables ruleset management...
         Starting Set console font and keymap...
         Starting Tell Plymouth To Write Out Runtime Data...
[[0;32m  OK  [0m] Started Dispatch Password Requests to Console Directory Watch.
         Starting Create Volatile Files and Directories...
[[0;32m  OK  [0m] Started Set console font and keymap.
[[0;32m  OK  [0m] Started Tell Plymouth To Write Out Runtime Data.
[[0;32m  OK  [0m] Started Create Volatile Files and Directories.
         Starting Update UTMP about System Boot/Shutdown...
[[0;32m  OK  [0m] Reached target System Time Synchronized.
[[0;32m  OK  [0m] Started ebtables ruleset management.
[[0;32m  OK  [0m] Started Update UTMP about System Boot/Shutdown.
[[0;32m  OK  [0m] Started AppArmor initialization.
[[0;32m  OK  [0m] Found device /dev/ttyS0.
[[0;32m  OK  [0m] Listening on Load/Save RF Kill Switch Status /dev/rfkill Watch.
[[0;32m  OK  [0m] Found device 82540EM Gigabit Ethern...r (PRO/1000 MT Desktop Adapter).
[   20.773424] cloud-init[474]: Cloud-init v. 0.7.9 running 'init-local' at Wed, 05 Apr 2017 15:33:15 +0000. Up 20.00 seconds.
[[0;32m  OK  [0m] Started Initial cloud-init job (pre-networking).
[[0;32m  OK  [0m] Reached target Network (Pre).
         Starting Raise network interfaces...
[[0;32m  OK  [0m] Started ifup for enp0s3.
[[0;32m  OK  [0m] Started Raise network interfaces.
[[0;32m  OK  [0m] Reached target Network.
         Starting Initial cloud-init job (metadata service crawler)...
[   24.788997] cloud-init[1043]: Cloud-init v. 0.7.9 running 'init' at Wed, 05 Apr 2017 15:33:19 +0000. Up 24.00 seconds.
[   24.815898] cloud-init[1043]: ci-info: +++++++++++++++++++++++++++++Net device info++++++++++++++++++++++++++++++
[   24.833195] cloud-init[1043]: ci-info: +---------+------+-----------+---------------+-------+-------------------+
[   24.867583] cloud-init[1043]: ci-info: |  Device |  Up  |  Address  |      Mask     | Scope |     Hw-Address    |
[   24.885331] cloud-init[1043]: ci-info: +---------+------+-----------+---------------+-------+-------------------+
[[0;32m  OK  [0m] Started Initial cloud-init job (metadata service crawler).
[[0;32m  OK  [0m] Reached target System Initialization.
[   24.935793] cloud-init[1043]: ci-info: |   lo:   | True | 127.0.0.1 |   255.0.0.0   |   .   |         .         |
[   24.990362] cloud-init[1043]: ci-info: |   lo:   | True |     .     |       .       |   d   |         .         |
[   25.016984] cloud-init[1043]: ci-info: | enp0s3: | True | 10.0.2.15 | 255.255.255.0 |   .   | 02:6b:67:86:7c:39 |
[   25.044041] cloud-init[1043]: ci-info: | enp0s3: | True |     .     |       .       |   d   | 02:6b:67:86:7c:39 |
         Starting LXD - unix socket.
[[   25.066581] cloud-init[1043]: ci-info: +---------+------+-----------+---------------+-------+-------------------+
[   25.076412] cloud-init[1043]: ci-info: +++++++++++++++++++++++++++Route IPv4 info++++++++++++++++++++++++++++
[   25.077125] cloud-init[1043]: ci-info: +-------+-------------+----------+---------------+-----------+-------+
[   25.077252] cloud-init[1043]: ci-info: | Route | Destination | Gateway  |    Genmask    | Interface | Flags |
[   25.077375] cloud-init[1043]: ci-info: +-------+-------------+----------+---------------+-----------+-------+
[   25.077486] cloud-init[1043]: ci-info: |   0   |   0.0.0.0   | 10.0.2.2 |    0.0.0.0    |   enp0s3  |   UG  |
[   25.077577] cloud-init[1043]: ci-info: |   1   |   10.0.2.0  | 0.0.0.0  | 255.255.255.0 |   enp0s3  |   U   |
[   25.077682] cloud-init[1043]: ci-info: +-------+-------------+----------+---------------+-----------+-------+
[0;32m  OK  [0m] Listening on ACPID Listen Socket.
[[0;32m  OK  [0m] Listening on D-Bus System Message Bus Socket.
[[0;32m  OK  [0m] Started Daily apt activities.
         Starting Socket activation for snappy daemon.
[[0;32m  OK  [0m] Started Daily Cleanup of Temporary Directories.
[[0;32m  OK  [0m] Started Timer to automatically refresh installed snaps.
[[0;32m  OK  [0m] Reached target Timers.
[[0;32m  OK  [0m] Listening on UUID daemon activation socket.
[[0;32m  OK  [0m] Started ACPI Events Check.
[[0;32m  OK  [0m] Reached target Paths.
[[0;32m  OK  [0m] Reached target Network is Online.
         Starting iSCSI initiator daemon (iscsid)...
[[0;32m  OK  [0m] Reached target Cloud-config availability.
[[0;32m  OK  [0m] Listening on LXD - unix socket.
[[0;32m  OK  [0m] Listening on Socket activation for snappy daemon.
[[0;32m  OK  [0m] Reached target Sockets.
[[0;32m  OK  [0m] Reached target Basic System.
         Starting Network Name Resolution...
         Starting Advanced key-value store...
[[0;32m  OK  [0m] Started Regular background program processing daemon.
         Starting MySQL Community Server...
         Starting Accounts Service...
[[0;32m  OK  [0m] Started Snappy daemon.
         Starting Auto import assertions from block devices...
         Starting Apply the settings specified in cloud-config...
         Starting Login Service...
         Starting LXD - container startup/shutdown...
         Starting RabbitMQ Messaging Server...
[[0;32m  OK  [0m] Started D-Bus System Message Bus.
[[0;32m  OK  [0m] Started memcached daemon.
[[0;32m  OK  [0m] Started FUSE filesystem for LXC.
[[0;32m  OK  [0m] Started Deferred execution scheduler.
         Starting System Logging Service...
         Starting PostgreSQL Cluster 9.5-main...
         Starting OpenBSD Secure Shell server...
         Starting LSB: Record successful boot for GRUB...
[[0;32m  OK  [0m] Started ACPI event daemon.
[[0;32m  OK  [0m] Started iSCSI initiator daemon (iscsid).
[[0;32m  OK  [0m] Started Auto import assertions from block devices.
[[0;32m  OK  [0m] Started System Logging Service.
[[0;32m  OK  [0m] Started OpenBSD Secure Shell server.
         Starting Authenticate and Authorize Users to Run Privileged Tasks...
         Starting Login to default iSCSI targets...
[[0;32m  OK  [0m] Started Login Service.
[[0;32m  OK  [0m] Started Authenticate and Authorize Users to Run Privileged Tasks.
[[0;32m  OK  [0m] Started LSB: Record successful boot for GRUB.
[[0;32m  OK  [0m] Started Accounts Service.
[[0;32m  OK  [0m] Started Login to default iSCSI targets.
[[0;32m  OK  [0m] Reached target Remote File Systems (Pre).
[[0;32m  OK  [0m] Reached target Remote File Systems.
         Starting LSB: VirtualBox Linux Additions...
         Starting Permit User Sessions...
         Starting LSB: daemon to balance interrupts for SMP systems...
         Starting LSB: automatic crash report generation...
         Starting LSB: Start/stop sysstat's sadc...
[[0;32m  OK  [0m] Started Network Name Resolution.
[[0;32m  OK  [0m] Started Advanced key-value store.
[[0;32m  OK  [0m] Started Permit User Sessions.
         Starting Terminate Plymouth Boot Screen...
         Starting Hold until boot process finishes up...
[[0;32m  OK  [0m] Started LSB: daemon to balance interrupts for SMP systems.
[[0;32m  OK  [0m] Started LSB: Start/stop sysstat's sadc.
[[0;32m  OK  [0m] Started Terminate Plymouth Boot Screen.
[[0;32m  OK  [0m] Started Hold until boot process finishes up.
[[0;32m  OK  [0m] Started LXD - container startup/shutdown.
[[0;32m  OK  [0m] Started LSB: automatic crash report generation.
         Starting Set console scheme...
[[0;32m  OK  [0m] Started Serial Getty on ttyS0.
[[0;32m  OK  [0m] Started Set console scheme.
[[0;32m  OK  [0m] Created slice system-getty.slice.
[[0;32m  OK  [0m] Started Getty on tty1.
[[0;32m  OK  [0m] Reached target Login Prompts.
[[0;32m  OK  [0m] Started LSB: VirtualBox Linux Additions.
[[0;32m  OK  [0m] Created slice User Slice of ubuntu.
         Starting User Manager for UID 1000...
[[0;32m  OK  [0m] Started Session 1 of user ubuntu.
[[0;32m  OK  [0m] Started User Manager for UID 1000.
[   29.012510] cloud-init[1175]: Cloud-init v. 0.7.9 running 'modules:config' at Wed, 05 Apr 2017 15:33:23 +0000. Up 28.60 seconds.
[[0;32m  OK  [0m] Started Apply the settings specified in cloud-config.
[[0;32m  OK  [0m] Started PostgreSQL Cluster 9.5-main.
         Starting PostgreSQL RDBMS...
[[0;32m  OK  [0m] Started PostgreSQL RDBMS.
[[0;32m  OK  [0m] Started RabbitMQ Messaging Server.

Ubuntu 16.10 rails-dev-box ttyS0

rails-dev-box login: [   64.079862] sd 2:0:0:0: [sda] tag#2 Medium access timeout failure. Offlining disk!
[   67.817770] sd 2:0:0:0: rejecting I/O to offline device
[   67.884075] sd 2:0:0:0: rejecting I/O to offline device
[   67.884170] blk_update_request: I/O error, dev sda, sector 281296
[   67.884178] Buffer I/O error on device sda1, logical block 34906
[   67.987381] sd 2:0:0:0: rejecting I/O to offline device
[   67.999734] Buffer I/O error on device sda1, logical block 864827
[   68.066231] Buffer I/O error on device sda1, logical block 864828
[   68.119228] Buffer I/O error on device sda1, logical block 864829
[   68.190993] Buffer I/O error on device sda1, logical block 864830
[   68.234835] Buffer I/O error on device sda1, logical block 864831
[   68.303669] Buffer I/O error on device sda1, logical block 864832
[   68.305594] Buffer I/O error on device sda1, logical block 864833
[   68.333830] Buffer I/O error on device sda1, logical block 864834
[   68.363783] Buffer I/O error on device sda1, logical block 864835
[   68.372924] sd 2:0:0:0: rejecting I/O to offline device
[   68.378710] sd 2:0:0:0: rejecting I/O to offline device
[   68.382023] sd 2:0:0:0: rejecting I/O to offline device
[   68.389380] sd 2:0:0:0: rejecting I/O to offline device
[   68.393511] sd 2:0:0:0: rejecting I/O to offline device
[   68.397189] sd 2:0:0:0: rejecting I/O to offline device
[   68.400232] Aborting journal on device sda1-8.
[   68.401907] sd 2:0:0:0: rejecting I/O to offline device
[   68.404920] JBD2: Error -5 detected when updating journal superblock for sda1-8.
[   68.404946] sd 2:0:0:0: rejecting I/O to offline device
[   68.404987] EXT4-fs error (device sda1): ext4_journal_check_start:56: Detected aborted journal
[   68.404989] EXT4-fs (sda1): Remounting filesystem read-only
[   68.404993] EXT4-fs (sda1): previous I/O error to superblock detected
[   68.405002] sd 2:0:0:0: rejecting I/O to offline device
[   68.405392] sd 2:0:0:0: rejecting I/O to offline device
[   68.405555] sd 2:0:0:0: rejecting I/O to offline device
[   68.405562] sd 2:0:0:0: rejecting I/O to offline device
[   68.406699] sd 2:0:0:0: rejecting I/O to offline device
[   68.406710] sd 2:0:0:0: rejecting I/O to offline device
[   68.406809] sd 2:0:0:0: rejecting I/O to offline device
[   68.406894] sd 2:0:0:0: rejecting I/O to offline device
[   68.407030] sd 2:0:0:0: rejecting I/O to offline device
[   68.407042] sd 2:0:0:0: rejecting I/O to offline device
[   68.407198] sd 2:0:0:0: rejecting I/O to offline device
[   68.407318] sd 2:0:0:0: rejecting I/O to offline device
[   68.407325] sd 2:0:0:0: rejecting I/O to offline device
[   68.407433] sd 2:0:0:0: rejecting I/O to offline device
[   68.408076] sd 2:0:0:0: rejecting I/O to offline device
[   68.408171] sd 2:0:0:0: rejecting I/O to offline device
[   68.408254] sd 2:0:0:0: rejecting I/O to offline device
[   68.408337] sd 2:0:0:0: rejecting I/O to offline device
[   68.408418] sd 2:0:0:0: rejecting I/O to offline device
[   68.408499] sd 2:0:0:0: rejecting I/O to offline device
[   68.408580] sd 2:0:0:0: rejecting I/O to offline device
[   68.415881] sd 2:0:0:0: rejecting I/O to offline device
[   68.415889] EXT4-fs error (device sda1): ext4_find_entry:1461: inode #6943: comm cloud-init: reading directory lblock 0
[   68.415894] EXT4-fs (sda1): previous I/O error to superblock detected
[   68.415897] sd 2:0:0:0: rejecting I/O to offline device
[   68.415929] sd 2:0:0:0: rejecting I/O to offline device
[   68.415932] EXT4-fs error (device sda1): ext4_find_entry:1461: inode #6943: comm cloud-init: reading directory lblock 0
[   68.415934] EXT4-fs (sda1): previous I/O error to superblock detected
[   68.415936] sd 2:0:0:0: rejecting I/O to offline device
[   68.415954] sd 2:0:0:0: rejecting I/O to offline device
[   68.415956] EXT4-fs error (device sda1): ext4_find_entry:1461: inode #6943: comm cloud-init: reading directory lblock 0
[   68.415958] EXT4-fs (sda1): previous I/O error to superblock detected
[   68.415960] sd 2:0:0:0: rejecting I/O to offline device
[   68.415976] sd 2:0:0:0: rejecting I/O to offline device
[   68.415978] EXT4-fs error (device sda1): ext4_find_entry:1461: inode #6943: comm cloud-init: reading directory lblock 0
[   68.415980] EXT4-fs (sda1): previous I/O error to superblock detected
[   68.415982] sd 2:0:0:0: rejecting I/O to offline device
[   68.415998] sd 2:0:0:0: rejecting I/O to offline device
[   68.416000] EXT4-fs error (device sda1): ext4_find_entry:1461: inode #6943: comm cloud-init: reading directory lblock 0
[   68.416002] EXT4-fs (sda1): previous I/O error to superblock detected
[   68.416004] sd 2:0:0:0: rejecting I/O to offline device
[   68.416161] sd 2:0:0:0: rejecting I/O to offline device
[   68.416420] sd 2:0:0:0: rejecting I/O to offline device
[   68.416432] sd 2:0:0:0: rejecting I/O to offline device
[   68.416472] sd 2:0:0:0: rejecting I/O to offline device
[   68.416570] sd 2:0:0:0: rejecting I/O to offline device
[   68.416578] sd 2:0:0:0: rejecting I/O to offline device
[   68.416586] sd 2:0:0:0: rejecting I/O to offline device
[   68.416627] sd 2:0:0:0: rejecting I/O to offline device
[   68.416711] sd 2:0:0:0: rejecting I/O to offline device
[   68.416722] sd 2:0:0:0: rejecting I/O to offline device
[   68.416760] sd 2:0:0:0: rejecting I/O to offline device
[   68.416845] sd 2:0:0:0: rejecting I/O to offline device
[   68.416851] sd 2:0:0:0: rejecting I/O to offline device
[   68.416859] sd 2:0:0:0: rejecting I/O to offline device
[   68.416890] sd 2:0:0:0: rejecting I/O to offline device
[   68.416957] sd 2:0:0:0: rejecting I/O to offline device
[   68.416966] sd 2:0:0:0: rejecting I/O to offline device
[   68.416994] sd 2:0:0:0: rejecting I/O to offline device
[   68.417043] sd 2:0:0:0: rejecting I/O to offline device
[   68.417048] sd 2:0:0:0: rejecting I/O to offline device
[   68.417068] sd 2:0:0:0: rejecting I/O to offline device
[   68.417123] sd 2:0:0:0: rejecting I/O to offline device
[   68.417127] sd 2:0:0:0: rejecting I/O to offline device
[   68.417131] sd 2:0:0:0: rejecting I/O to offline device
[   68.417152] sd 2:0:0:0: rejecting I/O to offline device
[   68.417273] sd 2:0:0:0: rejecting I/O to offline device
[   68.417279] sd 2:0:0:0: rejecting I/O to offline device
[   68.417300] sd 2:0:0:0: rejecting I/O to offline device
[   68.417377] sd 2:0:0:0: rejecting I/O to offline device
[   68.417381] sd 2:0:0:0: rejecting I/O to offline device
[   68.417385] sd 2:0:0:0: rejecting I/O to offline device
[   68.417406] sd 2:0:0:0: rejecting I/O to offline device
[   68.418243] sd 2:0:0:0: rejecting I/O to offline device
[   68.418249] sd 2:0:0:0: rejecting I/O to offline device
[   68.418270] sd 2:0:0:0: rejecting I/O to offline device
[   68.418315] sd 2:0:0:0: rejecting I/O to offline device
[   68.418320] sd 2:0:0:0: rejecting I/O to offline device
[   68.418339] sd 2:0:0:0: rejecting I/O to offline device
[   68.418391] sd 2:0:0:0: rejecting I/O to offline device
[   68.418398] sd 2:0:0:0: rejecting I/O to offline device
[   68.418419] sd 2:0:0:0: rejecting I/O to offline device
[   68.418466] sd 2:0:0:0: rejecting I/O to offline device
[   68.418471] sd 2:0:0:0: rejecting I/O to offline device
[   68.418490] sd 2:0:0:0: rejecting I/O to offline device
[   68.418534] sd 2:0:0:0: rejecting I/O to offline device
[   68.418539] sd 2:0:0:0: rejecting I/O to offline device
[   68.418558] sd 2:0:0:0: rejecting I/O to offline device
[   68.418602] sd 2:0:0:0: rejecting I/O to offline device
[   68.418607] sd 2:0:0:0: rejecting I/O to offline device
[   68.418626] sd 2:0:0:0: rejecting I/O to offline device
[   68.418670] sd 2:0:0:0: rejecting I/O to offline device
[   68.418675] sd 2:0:0:0: rejecting I/O to offline device
[   68.418694] sd 2:0:0:0: rejecting I/O to offline device
[   68.418738] sd 2:0:0:0: rejecting I/O to offline device
[   68.418743] sd 2:0:0:0: rejecting I/O to offline device
[   68.418762] sd 2:0:0:0: rejecting I/O to offline device
[   68.461399] EXT4-fs (sda1): previous I/O error to superblock detected
[   63.598205] [   69.501084] sd 2:0:0:0: rejecting I/O to offline device
cloud-init[1790]: Cloud-init v. 0.7.9 running 'm[   69.543817] EXT4-fs error (device sda1): ext4_journal_check_start:56: Detected aborted journal
odules:final' at[   69.543821] EXT4-fs (sda1): ext4_writepages: jbd2_start: 13312 pages, ino 520494; err -30
 Wed, 05 Apr 2017 15:33:52 +0000. Up 57.73 seconds.
[   64.623466] cloud-init[1790]: 2017-04-05 15:33:58,567 - util.py[WARNING]: failed stage modules-final
[   64.623598] cloud-init[1790]: FALLBACK: 2017-04-05 15:33:58,567 - util.py[WARNING]: failed stage modules-final
[   64.623723] cloud-init[1790]: FALLBACK: 2017-04-05 15:33:58,567 - util.py[DEBUG]: failed stage modules-final
[   64.623844] cloud-init[1790]: Traceback (most recent call last):
[   64.623960] cloud-init[1790]:   File "/usr/lib/python3/dist-packages/cloudinit/cmd/main.py", line 647, in status_wrapper
[   64.624307] cloud-init[1790]:   File "/usr/lib/python3/dist-packages/cloudinit/cmd/main.py", line 507, in main_modules
[   64.624443] cloud-init[1790]:   File "/usr/lib/python3/dist-packages/cloudinit/cmd/main.py", line 115, in run_module_section
[   64.624554] cloud-init[1790]:   File "/usr/lib/python3/dist-packages/cloudinit/stages.py", line 808, in run_section
[   66.067919] cloud-init[1790]:   File "/usr/lib/python3/dist-packages/cloudinit/stages.py", line 741, in _fixup_modules
[   66.067998] cloud-init[1790]:   File "/usr/lib/python3/dist-packages/cloudinit/importer.py", line 35, in find_module
[   66.068057] cloud-init[1790]:   File "/usr/lib/python3/dist-packages/cloudinit/importer.py", line 15, in import_module
[   66.068197] cloud-init[1790]:   File "<frozen importlib._bootstrap>", line 969, in _find_and_load
[   66.068259] cloud-init[1790]:   File "<frozen importlib._bootstrap>", line 958, in _find_and_load_unlocked
[   66.068325] cloud-init[1790]:   File "<frozen importlib._bootstrap>", line 673, in _load_unlocked
[   66.068382] cloud-init[1790]:   File "<frozen importlib._bootstrap_external>", line 669, in exec_module
[   66.068441] cloud-init[1790]:   File "<frozen importlib._bootstrap_external>", line 774, in get_code
[   66.068500] cloud-init[1790]:   File "<frozen importlib._bootstrap_external>", line 827, in get_data
[   66.068557] cloud-init[1790]: OSError: [Errno 5] Input/output error
[   66.068613] cloud-init[1790]: failed run of stage modules-final
[   66.068668] cloud-init[1790]: ------------------------------------------------------------
[   66.068799] cloud-init[1790]: Traceback (most recent call last):
[   66.068899] cloud-init[1790]:   File "/usr/lib/python3/dist-packages/cloudinit/cmd/main.py", line 647, in status_wrapper
[   66.068962] cloud-init[1790]:   File "/usr/lib/python3/dist-packages/cloudinit/cmd/main.py", line 507, in main_modules
[   66.069018] cloud-init[1790]:   File "/usr/lib/python3/dist-packages/cloudinit/cmd/main.py", line 115, in run_module_section
[   66.069095] cloud-init[1790]:   File "/usr/lib/python3/dist-packages/cloudinit/stages.py", line 808, in run_section
[   66.069153] cloud-init[1790]:   File "/usr/lib/python3/dist-packages/cloudinit/stages.py", line 741, in _fixup_modules
[   66.078484] cloud-init[1790]:   File "/usr/lib/python3/dist-packages/cloudinit/importer.py", line 35, in find_module
[   66.078698] cloud-init[1790]:   File "/usr/lib/python3/dist-packages/cloudinit/importer.py", line 15, in import_module
[   66.078873] cloud-init[1790]:   File "<frozen importlib._bootstrap>", line 969, in _find_and_load
[   66.079039] cloud-init[1790]:   File "<frozen importlib._bootstrap>", line 958, in _find_and_load_unlocked
[   66.079206] cloud-init[1790]:   File "<frozen importlib._bootstrap>", line 673, in _load_unlocked
[   66.079363] cloud-init[1790]:   File "<frozen importlib._bootstrap_external>", line 669, in exec_module
[   66.079469] cloud-init[1790]:   File "<frozen importlib._bootstrap_external>", line 774, in get_code
[   66.079565] cloud-init[1790]:   File "<frozen importlib._bootstrap_external>", line 827, in get_data
[   66.079659] cloud-init[1790]: OSError: [Errno 5] Input/output error
[   66.079751] cloud-init[1790]: ------------------------------------------------------------
[   66.079847] cloud-init[1790]: FALLBACK: 2017-04-05 15:33:58,570 - util.py[DEBUG]: Reading from /proc/uptime (quiet=False)
[   66.079942] cloud-init[1790]: FALLBACK: 2017-04-05 15:33:58,575 - util.py[DEBUG]: Read 12 bytes from /proc/uptime
[   66.976616] cloud-init[1790]: FALLBACK: 2017-04-05 15:33:58,575 - util.py[DEBUG]: cloud-init mode 'modules' took 5.812 seconds (5.81)
[   66.976729] cloud-init[1790]: FALLBACK: 2017-04-05 15:33:58,576 - handlers.py[DEBUG]: finish: modules-final: FAIL: running modules for final
[   66.976834] cloud-init[1790]: Traceback (most recent call last):
[   66.976925] cloud-init[1790]:   File "/usr/bin/cloud-init", line 11, in <module>
[   66.977063] cloud-init[1790]:     load_entry_point('cloud-init==0.7.9', 'console_scripts', 'cloud-init')()
[   66.977157] cloud-init[1790]:   File "/usr/lib/python3/dist-packages/cloudinit/cmd/main.py", line 816, in main
[   66.977248] cloud-init[1790]:   File "/usr/lib/python3/dist-packages/cloudinit/util.py", line 2137, in log_time
[   66.977437] cloud-init[1790]:   File "/usr/lib/python3/dist-packages/cloudinit/cmd/main.py", line 665, in status_wrapper
[   66.977551] cloud-init[1790]:   File "/usr/lib/python3/dist-packages/cloudinit/atomic_helper.py", line 30, in write_json
[   66.977678] cloud-init[1790]:   File "/usr/lib/python3/dist-packages/cloudinit/atomic_helper.py", line 23, in write_file
[   66.977775] cloud-init[1790]:   File "/usr/lib/python3/dist-packages/cloudinit/atomic_helper.py", line 15, in write_file
[   66.977867] cloud-init[1790]:   File "/usr/lib/python3.5/tempfile.py", line 688, in NamedTemporaryFile
[   66.977970] cloud-init[1790]:   File "/usr/lib/python3.5/tempfile.py", line 399, in _mkstemp_inner
[   66.978056] cloud-init[1790]: OSError: [Errno 30] Read-only file system: '/var/lib/cloud/data/tmp8zlrcatz'
[   66.978220] cloud-init[1790]: Error in sys.excepthook:
[   66.978682] cloud-init[1790]: Traceback (most recent call last):
[   66.978791] cloud-init[1790]:   File "/usr/lib/python3/dist-packages/apport_python_hook.py", line 63, in apport_excepthook
[   66.979305] cloud-init[1790]:   File "<frozen importlib._bootstrap>", line 969, in _find_and_load
[   66.979428] cloud-init[1790]:   File "<frozen importlib._bootstrap>", line 954, in _find_and_load_unlocked
[   66.979529] cloud-init[1790]:   File "<frozen importlib._bootstrap>", line 896, in _find_spec
[   66.979622] cloud-init[1790]:   File "<frozen importlib._bootstrap_external>", line 1147, in find_spec
[   66.979714] cloud-init[1790]:   File "<frozen importlib._bootstrap_external>", line 1121, in _get_spec
[   66.979805] cloud-init[1790]:   File "<frozen importlib._bootstrap_external>", line 1233, in find_spec
[   66.979895] cloud-init[1790]:   File "<frozen importlib._bootstrap_external>", line 1272, in _fill_cache
[   66.979992] cloud-init[1790]: OSError: [Errno 5] Input/output error: '/usr/lib/python3/dist-packages/apport'
[   66.980244] cloud-init[1790]: Original exception was:
[   66.980461] cloud-init[1790]: Traceback (most recent call last):
[   66.980658] cloud-init[1790]:   File "/usr/bin/cloud-init", line 11, in <module>
[   66.980874] cloud-init[1790]:     load_entry_point('cloud-init==0.7.9', 'console_scripts', 'cloud-init')()
[   66.981036] cloud-init[1790]:   File "/usr/lib/python3/dist-packages/cloudinit/cmd/main.py", line 816, in main
[   66.981197] cloud-init[1790]:   File "/usr/lib/python3/dist-packages/cloudinit/util.py", line 2137, in log_time
[   66.981290] cloud-init[1790]:   File "/usr/lib/python3/dist-packages/cloudinit/cmd/main.py", line 665, in status_wrapper
[   66.981405] cloud-init[1790]:   File "/usr/lib/python3/dist-packages/cloudinit/atomic_helper.py", line 30, in write_json
[   66.981573] cloud-init[1790]:   File "/usr/lib/python3/dist-packages/cloudinit/atomic_helper.py", line 23, in write_file
[   66.981666] cloud-init[1790]:   File "/usr/lib/python3/dist-packages/cloudinit/atomic_helper.py", line 15, in write_file
[   66.981758] cloud-init[1790]:   File "/usr/lib/python3.5/tempfile.py", line 688, in NamedTemporaryFile
[   67.865805] cloud-init[1790]:   File "/usr/lib/python3.5/tempfile.py", line 399, in _mkstemp_inner
[   67.865916] cloud-init[1790]: OSError: [Errno 30] Read-only file system: '/var/lib/cloud/data/tmp8zlrcatz'
[   67.866020] cloud-init[1790]: tee: /var/log/cloud-init-output.log: Read-only file system
[   74.543820] blk_update_request: I/O error, dev sda, sector 1147904
[   74.949327] blk_update_request: I/O error, dev sda, sector 9074800
[   74.949336] sd 2:0:0:0: rejecting I/O to offline device
[   74.956091] blk_update_request: I/O error, dev sda, sector 143528
[   74.956823] sd 2:0:0:0: rejecting I/O to offline device
[   74.956937] sd 2:0:0:0: rejecting I/O to offline device
[   74.956945] sd 2:0:0:0: rejecting I/O to offline device
[   74.966569] sd 2:0:0:0: rejecting I/O to offline device
[   74.966580] sd 2:0:0:0: rejecting I/O to offline device
[   75.008263] EXT4-fs error (device sda1): ext4_find_entry:1461: inode #10723: comm 91-release-upgr: reading directory lblock 0
[   75.011491] EXT4-fs (sda1): previous I/O error to superblock detected
[   75.024944] sd 2:0:0:0: rejecting I/O to offline device
[   75.036148] sd 2:0:0:0: rejecting I/O to offline device
[   75.065699] sd 2:0:0:0: rejecting I/O to offline device
[   75.089166] sd 2:0:0:0: rejecting I/O to offline device
[   75.092180] sd 2:0:0:0: rejecting I/O to offline device
[   75.119541] sd 2:0:0:0: rejecting I/O to offline device
[   75.130397] sd 2:0:0:0: rejecting I/O to offline device
[   75.137645] sd 2:0:0:0: rejecting I/O to offline device
[   75.161605] sd 2:0:0:0: rejecting I/O to offline device
[   75.164728] sd 2:0:0:0: rejecting I/O to offline device
[   75.170165] sd 2:0:0:0: rejecting I/O to offline device
[   75.903502] sd 2:0:0:0: rejecting I/O to offline device
[   75.937385] sd 2:0:0:0: rejecting I/O to offline device
[   75.940909] sd 2:0:0:0: rejecting I/O to offline device
[   75.967228] sd 2:0:0:0: rejecting I/O to offline device
[   75.986972] sd 2:0:0:0: rejecting I/O to offline device
[   75.991549] sd 2:0:0:0: rejecting I/O to offline device
[   75.994176] sd 2:0:0:0: rejecting I/O to offline device
[   76.019856] sd 2:0:0:0: rejecting I/O to offline device
[   76.026837] sd 2:0:0:0: rejecting I/O to offline device
[   76.034042] EXT4-fs error (device sda1): ext4_find_entry:1461: inode #256012: comm sshd: reading directory lblock 0
[   76.066093] EXT4-fs (sda1): previous I/O error to superblock detected
[   76.092406] sd 2:0:0:0: rejecting I/O to offline device
[   76.104104] sd 2:0:0:0: rejecting I/O to offline device
[   76.135113] sd 2:0:0:0: rejecting I/O to offline device
[   76.154417] sd 2:0:0:0: rejecting I/O to offline device
[   76.178263] sd 2:0:0:0: rejecting I/O to offline device
[   76.187686] sd 2:0:0:0: rejecting I/O to offline device
[   76.191319] sd 2:0:0:0: rejecting I/O to offline device
[   76.206285] sd 2:0:0:0: rejecting I/O to offline device
[   76.237852] EXT4-fs error (device sda1): ext4_find_entry:1461: inode #67090: comm sshd: reading directory lblock 0
[   76.257672] EXT4-fs (sda1): previous I/O error to superblock detected
[   76.263901] sd 2:0:0:0: rejecting I/O to offline device
[   76.264041] sd 2:0:0:0: rejecting I/O to offline device
[   76.264205] sd 2:0:0:0: rejecting I/O to offline device
[   76.264688] sd 2:0:0:0: rejecting I/O to offline device
[   76.264699] sd 2:0:0:0: rejecting I/O to offline device
[   76.264782] sd 2:0:0:0: rejecting I/O to offline device
[   76.272957] sd 2:0:0:0: rejecting I/O to offline device
[   76.453895] sd 2:0:0:0: rejecting I/O to offline device
[   76.467253] sd 2:0:0:0: rejecting I/O to offline device
[   76.482953] sd 2:0:0:0: rejecting I/O to offline device
[   76.487580] sd 2:0:0:0: rejecting I/O to offline device
[   76.538561] sd 2:0:0:0: rejecting I/O to offline device
[   76.557171] sd 2:0:0:0: rejecting I/O to offline device
[   76.941633] sd 2:0:0:0: rejecting I/O to offline device
[   76.973029] sd 2:0:0:0: rejecting I/O to offline device
[   78.234083] sd 2:0:0:0: rejecting I/O to offline device
[   78.269549] sd 2:0:0:0: rejecting I/O to offline device
[   78.331697] sd 2:0:0:0: rejecting I/O to offline device
[   78.385941] sd 2:0:0:0: rejecting I/O to offline device
[   78.399419] sd 2:0:0:0: rejecting I/O to offline device
[   78.404345] sd 2:0:0:0: rejecting I/O to offline device
[   78.415414] sd 2:0:0:0: rejecting I/O to offline device
[   78.484849] sd 2:0:0:0: rejecting I/O to offline device
[   78.503597] sd 2:0:0:0: rejecting I/O to offline device
[   79.510823] sd 2:0:0:0: rejecting I/O to offline device
[   79.574107] sd 2:0:0:0: rejecting I/O to offline device
[   79.580160] sd 2:0:0:0: rejecting I/O to offline device
[   79.590844] sd 2:0:0:0: rejecting I/O to offline device
[   79.599218] sd 2:0:0:0: rejecting I/O to offline device
[   79.758501] sd 2:0:0:0: rejecting I/O to offline device
[   79.802201] sd 2:0:0:0: rejecting I/O to offline device
[   80.001910] sd 2:0:0:0: rejecting I/O to offline device
[   80.011821] sd 2:0:0:0: rejecting I/O to offline device
[   80.099535] sd 2:0:0:0: rejecting I/O to offline device
[   80.108494] sd 2:0:0:0: rejecting I/O to offline device
[   80.362548] sd 2:0:0:0: rejecting I/O to offline device
[   80.371673] sd 2:0:0:0: rejecting I/O to offline device
[   80.401144] sd 2:0:0:0: rejecting I/O to offline device
[   80.406425] sd 2:0:0:0: rejecting I/O to offline device
[   80.423731] sd 2:0:0:0: rejecting I/O to offline device
[   80.441041] sd 2:0:0:0: rejecting I/O to offline device
[   80.452671] sd 2:0:0:0: rejecting I/O to offline device
[   80.543794] sd 2:0:0:0: rejecting I/O to offline device
[   80.605082] sd 2:0:0:0: rejecting I/O to offline device
[   80.673765] sd 2:0:0:0: rejecting I/O to offline device
[   80.678107] sd 2:0:0:0: rejecting I/O to offline device
[   80.788436] sd 2:0:0:0: rejecting I/O to offline device
[   80.791630] sd 2:0:0:0: rejecting I/O to offline device
[   80.799340] sd 2:0:0:0: rejecting I/O to offline device
[   80.826386] sd 2:0:0:0: rejecting I/O to offline device
[   80.874034] sd 2:0:0:0: rejecting I/O to offline device
[   80.906046] sd 2:0:0:0: rejecting I/O to offline device
[   80.922128] sd 2:0:0:0: rejecting I/O to offline device
[   80.939081] sd 2:0:0:0: rejecting I/O to offline device
[   81.011800] sd 2:0:0:0: rejecting I/O to offline device
[   81.089791] sd 2:0:0:0: rejecting I/O to offline device
[   81.092649] sd 2:0:0:0: rejecting I/O to offline device
[   81.098305] sd 2:0:0:0: rejecting I/O to offline device
[   81.114635] sd 2:0:0:0: rejecting I/O to offline device
[   81.136343] sd 2:0:0:0: rejecting I/O to offline device
[   81.166117] sd 2:0:0:0: rejecting I/O to offline device
[   81.206655] sd 2:0:0:0: rejecting I/O to offline device
[   81.216421] sd 2:0:0:0: rejecting I/O to offline device
[   81.230075] sd 2:0:0:0: rejecting I/O to offline device
[   81.253815] sd 2:0:0:0: rejecting I/O to offline device
[   81.267337] sd 2:0:0:0: rejecting I/O to offline device
[   81.285365] sd 2:0:0:0: rejecting I/O to offline device
[   81.297507] sd 2:0:0:0: rejecting I/O to offline device
[   81.314907] sd 2:0:0:0: rejecting I/O to offline device
[   81.319615] sd 2:0:0:0: rejecting I/O to offline device
[   81.347973] sd 2:0:0:0: rejecting I/O to offline device
[   81.367015] sd 2:0:0:0: rejecting I/O to offline device
[   81.442551] sd 2:0:0:0: rejecting I/O to offline device
[   81.447584] sd 2:0:0:0: rejecting I/O to offline device
[   81.456935] sd 2:0:0:0: rejecting I/O to offline device
[   81.481269] sd 2:0:0:0: rejecting I/O to offline device
[   81.519433] sd 2:0:0:0: rejecting I/O to offline device
[   81.526621] sd 2:0:0:0: rejecting I/O to offline device
[   81.585592] sd 2:0:0:0: rejecting I/O to offline device
[   81.603410] sd 2:0:0:0: rejecting I/O to offline device
[   81.614179] sd 2:0:0:0: rejecting I/O to offline device
[   81.645948] sd 2:0:0:0: rejecting I/O to offline device
[   81.677270] sd 2:0:0:0: rejecting I/O to offline device
[   81.721534] sd 2:0:0:0: rejecting I/O to offline device
[   81.731867] sd 2:0:0:0: rejecting I/O to offline device
[   81.740814] sd 2:0:0:0: rejecting I/O to offline device
[   81.818915] sd 2:0:0:0: rejecting I/O to offline device
[   81.833642] sd 2:0:0:0: rejecting I/O to offline device
[  108.184782] sd 2:0:0:0: rejecting I/O to offline device
[  108.187275] sd 2:0:0:0: rejecting I/O to offline device
[  108.206835] sd 2:0:0:0: rejecting I/O to offline device
[  138.671998] sd 2:0:0:0: rejecting I/O to offline device
[  138.676473] sd 2:0:0:0: rejecting I/O to offline device
[  138.681995] sd 2:0:0:0: rejecting I/O to offline device
[  169.120722] sd 2:0:0:0: rejecting I/O to offline device
[  169.124489] sd 2:0:0:0: rejecting I/O to offline device
[  169.129038] sd 2:0:0:0: rejecting I/O to offline device
[  199.923831] sd 2:0:0:0: rejecting I/O to offline device
[  199.948997] sd 2:0:0:0: rejecting I/O to offline device
[  199.985254] sd 2:0:0:0: rejecting I/O to offline device
[  230.625221] sd 2:0:0:0: rejecting I/O to offline device
[  230.644907] sd 2:0:0:0: rejecting I/O to offline device
[  230.726922] sd 2:0:0:0: rejecting I/O to offline device
[  261.342885] sd 2:0:0:0: rejecting I/O to offline device
[  261.393728] sd 2:0:0:0: rejecting I/O to offline device
[  261.400386] sd 2:0:0:0: rejecting I/O to offline device
[  291.830465] sd 2:0:0:0: rejecting I/O to offline device
[  291.852348] sd 2:0:0:0: rejecting I/O to offline device
[  291.870351] sd 2:0:0:0: rejecting I/O to offline device
[  322.564320] sd 2:0:0:0: rejecting I/O to offline device
[  322.579927] sd 2:0:0:0: rejecting I/O to offline device
[  322.605423] sd 2:0:0:0: rejecting I/O to offline device
[  353.066247] sd 2:0:0:0: rejecting I/O to offline device
[  353.074086] sd 2:0:0:0: rejecting I/O to offline device
[  353.087395] sd 2:0:0:0: rejecting I/O to offline device
[  383.535151] sd 2:0:0:0: rejecting I/O to offline device
[  383.567992] sd 2:0:0:0: rejecting I/O to offline device
[  383.609781] sd 2:0:0:0: rejecting I/O to offline device
[  414.019619] sd 2:0:0:0: rejecting I/O to offline device
[  414.030134] sd 2:0:0:0: rejecting I/O to offline device
[  414.037496] sd 2:0:0:0: rejecting I/O to offline device
[  444.500681] sd 2:0:0:0: rejecting I/O to offline device
[  444.531704] sd 2:0:0:0: rejecting I/O to offline device
[  444.560957] sd 2:0:0:0: rejecting I/O to offline device
[  475.001429] sd 2:0:0:0: rejecting I/O to offline device
[  475.031216] sd 2:0:0:0: rejecting I/O to offline device
[  475.064806] sd 2:0:0:0: rejecting I/O to offline device
[  505.476255] sd 2:0:0:0: rejecting I/O to offline device
[  505.486102] sd 2:0:0:0: rejecting I/O to offline device
[  505.509849] sd 2:0:0:0: rejecting I/O to offline device
[  535.983556] sd 2:0:0:0: rejecting I/O to offline device
[  536.009995] sd 2:0:0:0: rejecting I/O to offline device
[  536.069046] sd 2:0:0:0: rejecting I/O to offline device
[  566.435848] sd 2:0:0:0: rejecting I/O to offline device
[  566.466344] sd 2:0:0:0: rejecting I/O to offline device
[  566.476320] sd 2:0:0:0: rejecting I/O to offline device
[  596.920413] sd 2:0:0:0: rejecting I/O to offline device
[  596.946069] sd 2:0:0:0: rejecting I/O to offline device
[  596.958512] sd 2:0:0:0: rejecting I/O to offline device
[  627.402906] sd 2:0:0:0: rejecting I/O to offline device
[  627.417896] sd 2:0:0:0: rejecting I/O to offline device
[  627.422767] sd 2:0:0:0: rejecting I/O to offline device
[  650.577985] sd 2:0:0:0: rejecting I/O to offline device
[  650.591953] sd 2:0:0:0: rejecting I/O to offline device
[  650.853947] sd 2:0:0:0: rejecting I/O to offline device
[  650.864282] sd 2:0:0:0: rejecting I/O to offline device
[  650.876199] sd 2:0:0:0: rejecting I/O to offline device
[  650.920046] sd 2:0:0:0: rejecting I/O to offline device
[  651.007577] sd 2:0:0:0: rejecting I/O to offline device
[  651.023375] sd 2:0:0:0: rejecting I/O to offline device
[  651.070125] sd 2:0:0:0: rejecting I/O to offline device
[  651.176415] sd 2:0:0:0: rejecting I/O to offline device
[  651.266061] sd 2:0:0:0: rejecting I/O to offline device
[  651.271798] sd 2:0:0:0: rejecting I/O to offline device
[  651.327550] sd 2:0:0:0: rejecting I/O to offline device
[  651.335105] sd 2:0:0:0: rejecting I/O to offline device
[  651.363153] sd 2:0:0:0: rejecting I/O to offline device
[  651.373774] sd 2:0:0:0: rejecting I/O to offline device
[  651.375153] sd 2:0:0:0: rejecting I/O to offline device
[  651.412278] sd 2:0:0:0: rejecting I/O to offline device
[  651.413572] sd 2:0:0:0: rejecting I/O to offline device
[  651.419520] sd 2:0:0:0: rejecting I/O to offline device
[  651.422949] sd 2:0:0:0: rejecting I/O to offline device
[  651.450878] sd 2:0:0:0: rejecting I/O to offline device
[  657.902373] sd 2:0:0:0: rejecting I/O to offline device
[  657.923958] sd 2:0:0:0: rejecting I/O to offline device
[  657.941756] sd 2:0:0:0: rejecting I/O to offline device
[  665.836250] sd 2:0:0:0: rejecting I/O to offline device
[  665.850130] sd 2:0:0:0: rejecting I/O to offline device
[  665.857636] sd 2:0:0:0: rejecting I/O to offline device
[  665.909298] sd 2:0:0:0: rejecting I/O to offline device
[  665.920356] sd 2:0:0:0: rejecting I/O to offline device
[  665.930848] sd 2:0:0:0: rejecting I/O to offline device
[  665.962696] sd 2:0:0:0: rejecting I/O to offline device
[  665.965621] sd 2:0:0:0: rejecting I/O to offline device
[  665.984879] sd 2:0:0:0: rejecting I/O to offline device
[  665.992162] sd 2:0:0:0: rejecting I/O to offline device
[  666.010190] sd 2:0:0:0: rejecting I/O to offline device
[  666.028531] sd 2:0:0:0: rejecting I/O to offline device
[  666.037578] sd 2:0:0:0: rejecting I/O to offline device
[  666.047475] sd 2:0:0:0: rejecting I/O to offline device
[  666.065513] sd 2:0:0:0: rejecting I/O to offline device
[  666.336692] sd 2:0:0:0: rejecting I/O to offline device
[  666.413024] sd 2:0:0:0: rejecting I/O to offline device
[  666.426484] sd 2:0:0:0: rejecting I/O to offline device
[  666.444448] sd 2:0:0:0: rejecting I/O to offline device
[  666.447816] sd 2:0:0:0: rejecting I/O to offline device
[  666.474169] sd 2:0:0:0: rejecting I/O to offline device
[  666.497562] sd 2:0:0:0: rejecting I/O to offline device
[  666.536262] sd 2:0:0:0: rejecting I/O to offline device
[  666.594235] sd 2:0:0:0: rejecting I/O to offline device
[  666.605057] sd 2:0:0:0: rejecting I/O to offline device
[  666.614851] sd 2:0:0:0: rejecting I/O to offline device
[  666.618624] sd 2:0:0:0: rejecting I/O to offline device
[  666.629825] sd 2:0:0:0: rejecting I/O to offline device
[  666.633924] sd 2:0:0:0: rejecting I/O to offline device
[  666.674963] sd 2:0:0:0: rejecting I/O to offline device
[  666.685001] sd 2:0:0:0: rejecting I/O to offline device
[  666.707810] sd 2:0:0:0: rejecting I/O to offline device
[  666.720370] sd 2:0:0:0: rejecting I/O to offline device
[  666.761255] sd 2:0:0:0: rejecting I/O to offline device
[  666.792514] sd 2:0:0:0: rejecting I/O to offline device
[  666.800296] sd 2:0:0:0: rejecting I/O to offline device
[  666.835064] sd 2:0:0:0: rejecting I/O to offline device
[  666.852179] sd 2:0:0:0: rejecting I/O to offline device
[  666.862825] sd 2:0:0:0: rejecting I/O to offline device
[  666.886153] sd 2:0:0:0: rejecting I/O to offline device
[  666.893081] sd 2:0:0:0: rejecting I/O to offline device
[  666.900473] sd 2:0:0:0: rejecting I/O to offline device
[  666.923841] sd 2:0:0:0: rejecting I/O to offline device
[  666.948011] sd 2:0:0:0: rejecting I/O to offline device
[  666.952881] sd 2:0:0:0: rejecting I/O to offline device
[  666.962259] sd 2:0:0:0: rejecting I/O to offline device
[  666.983188] sd 2:0:0:0: rejecting I/O to offline device
[  666.986712] sd 2:0:0:0: rejecting I/O to offline device
[  667.004188] sd 2:0:0:0: rejecting I/O to offline device
[  667.064862] sd 2:0:0:0: rejecting I/O to offline device
[  667.090386] sd 2:0:0:0: rejecting I/O to offline device
[  667.108916] sd 2:0:0:0: rejecting I/O to offline device
[  667.146953] sd 2:0:0:0: rejecting I/O to offline device
[  667.175375] sd 2:0:0:0: rejecting I/O to offline device
[  667.177428] sd 2:0:0:0: rejecting I/O to offline device
[  667.190192] sd 2:0:0:0: rejecting I/O to offline device
[  667.261233] sd 2:0:0:0: rejecting I/O to offline device
[  688.364367] sd 2:0:0:0: rejecting I/O to offline device
[  688.380841] sd 2:0:0:0: rejecting I/O to offline device
[  688.382534] sd 2:0:0:0: rejecting I/O to offline device
